Microsoft Windows [Version 10.0.18362.295]
(c) 2019 Microsoft Corporation. All rights reserved.

D:\Workspace\Day03\kycprocess>path
PATH=C:\Program Files (x86)\Common Files\Oracle\Java\javapath;C:\ProgramData\Anaconda3;C:\ProgramData\Anaconda3\Library\mingw-w64\bin;C:\ProgramData\Anaconda3\Library\usr\bin;C:\ProgramData\Anaconda3\Library\bin;C:\ProgramData\Anaconda3\Scripts;C:\Program Files (x86)\Common Files\Pearson VUE Common\EI_ATA2\;C:\Windows\system32;C:\Windows;C:\Windows\System32\Wbem;C:\Windows\System32\WindowsPowerShell\v1.0\;C:\Windows\System32\OpenSSH\;C:\Program Files (x86)\Windows Kits\10\Windows Performance Toolkit\;C:\Program Files\Microsoft SQL Server\130\Tools\Binn\;C:\Program Files\dotnet\;C:\Program Files (x86)\GtkSharp\2.12\bin;C:\Program Files\nodejs\;C:\Program Files\Kubernetes\Minikube;C:\Program Files\MySQL\MySQL Utilities 1.6\;C:\Program Files\Cloud Foundry;C:\Program Files\Git\cmd;C:\Users\Admin\AppData\Local\Microsoft\WindowsApps;C:\Users\Admin\AppData\Local\Programs\Microsoft VS Code\bin;C:\Users\Admin\AppData\Roaming\npm;C:\Program Files\MongoDB\Server\4.2\bin;C:\Program Files\Docker Toolbox

D:\Workspace\Day03\kycprocess>docker

Usage:  docker COMMAND

A self-sufficient runtime for containers

Options:
      --config string      Location of client config files (default
                           "C:\\Users\\Admin\\.docker")
  -D, --debug              Enable debug mode
  -H, --host list          Daemon socket(s) to connect to
  -l, --log-level string   Set the logging level
                           ("debug"|"info"|"warn"|"error"|"fatal")
                           (default "info")
      --tls                Use TLS; implied by --tlsverify
      --tlscacert string   Trust certs signed only by this CA (default
                           "C:\\Users\\Admin\\.docker\\machine\\machines\\default\\ca.pem")
      --tlscert string     Path to TLS certificate file (default
                           "C:\\Users\\Admin\\.docker\\machine\\machines\\default\\cert.pem")
      --tlskey string      Path to TLS key file (default
                           "C:\\Users\\Admin\\.docker\\machine\\machines\\default\\key.pem")
      --tlsverify          Use TLS and verify the remote (default true)
  -v, --version            Print version information and quit

Management Commands:
  config      Manage Docker configs
  container   Manage containers
  image       Manage images
  network     Manage networks
  node        Manage Swarm nodes
  plugin      Manage plugins
  secret      Manage Docker secrets
  service     Manage services
  swarm       Manage Swarm
  system      Manage Docker
  trust       Manage trust on Docker images
  volume      Manage volumes

Commands:
  attach      Attach local standard input, output, and error streams to a running container
  build       Build an image from a Dockerfile
  commit      Create a new image from a container's changes
  cp          Copy files/folders between a container and the local filesystem
  create      Create a new container
  diff        Inspect changes to files or directories on a container's filesystem
  events      Get real time events from the server
  exec        Run a command in a running container
  export      Export a container's filesystem as a tar archive
  history     Show the history of an image
  images      List images
  import      Import the contents from a tarball to create a filesystem image
  info        Display system-wide information
  inspect     Return low-level information on Docker objects
  kill        Kill one or more running containers
  load        Load an image from a tar archive or STDIN
  login       Log in to a Docker registry
  logout      Log out from a Docker registry
  logs        Fetch the logs of a container
  pause       Pause all processes within one or more containers
  port        List port mappings or a specific mapping for the container
  ps          List containers
  pull        Pull an image or a repository from a registry
  push        Push an image or a repository to a registry
  rename      Rename a container
  restart     Restart one or more containers
  rm          Remove one or more containers
  rmi         Remove one or more images
  run         Run a command in a new container
  save        Save one or more images to a tar archive (streamed to STDOUT by default)
  search      Search the Docker Hub for images
  start       Start one or more stopped containers
  stats       Display a live stream of container(s) resource usage statistics
  stop        Stop one or more running containers
  tag         Create a tag TARGET_IMAGE that refers to SOURCE_IMAGE
  top         Display the running processes of a container
  unpause     Unpause all processes within one or more containers
  update      Update configuration of one or more containers
  version     Show the Docker version information
  wait        Block until one or more containers stop, then print their exit codes

Run 'docker COMMAND --help' for more information on a command.

D:\Workspace\Day03\kycprocess>docker -version
unknown shorthand flag: 'e' in -ersion
See 'docker --help'.

Usage:  docker COMMAND

A self-sufficient runtime for containers

Options:
      --config string         Location of client config files (default
                              "C:\\Users\\Admin\\.docker")
  -D, --debug                 Enable debug mode
  -H, --host list             Daemon socket(s) to connect to
  -l, --log-level string      Set the logging level
                              ("debug"|"info"|"warn"|"error"|"fatal")
                              (default "info")
      --orchestrator string   Which orchestrator to use with the docker
                              cli (swarm|kubernetes) (default swarm)
                              (experimental)
      --tls                   Use TLS; implied by --tlsverify
      --tlscacert string      Trust certs signed only by this CA (default
                              "C:\\Users\\Admin\\.docker\\machine\\machines\\default\\ca.pem")
      --tlscert string        Path to TLS certificate file (default
                              "C:\\Users\\Admin\\.docker\\machine\\machines\\default\\cert.pem")
      --tlskey string         Path to TLS key file (default
                              "C:\\Users\\Admin\\.docker\\machine\\machines\\default\\key.pem")
      --tlsverify             Use TLS and verify the remote (default true)
  -v, --version               Print version information and quit

Management Commands:
  checkpoint  Manage checkpoints
  config      Manage Docker configs
  container   Manage containers
  image       Manage images
  manifest    Manage Docker image manifests and manifest lists
  network     Manage networks
  node        Manage Swarm nodes
  plugin      Manage plugins
  secret      Manage Docker secrets
  service     Manage services
  stack       Manage Docker stacks
  swarm       Manage Swarm
  system      Manage Docker
  trust       Manage trust on Docker images
  volume      Manage volumes

Commands:
  attach      Attach local standard input, output, and error streams to a running container
  build       Build an image from a Dockerfile
  commit      Create a new image from a container's changes
  cp          Copy files/folders between a container and the local filesystem
  create      Create a new container
  deploy      Deploy a new stack or update an existing stack
  diff        Inspect changes to files or directories on a container's filesystem
  events      Get real time events from the server
  exec        Run a command in a running container
  export      Export a container's filesystem as a tar archive
  history     Show the history of an image
  images      List images
  import      Import the contents from a tarball to create a filesystem image
  info        Display system-wide information
  inspect     Return low-level information on Docker objects
  kill        Kill one or more running containers
  load        Load an image from a tar archive or STDIN
  login       Log in to a Docker registry
  logout      Log out from a Docker registry
  logs        Fetch the logs of a container
  pause       Pause all processes within one or more containers
  port        List port mappings or a specific mapping for the container
  ps          List containers
  pull        Pull an image or a repository from a registry
  push        Push an image or a repository to a registry
  rename      Rename a container
  restart     Restart one or more containers
  rm          Remove one or more containers
  rmi         Remove one or more images
  run         Run a command in a new container
  save        Save one or more images to a tar archive (streamed to STDOUT by default)
  search      Search the Docker Hub for images
  start       Start one or more stopped containers
  stats       Display a live stream of container(s) resource usage statistics
  stop        Stop one or more running containers
  tag         Create a tag TARGET_IMAGE that refers to SOURCE_IMAGE
  top         Display the running processes of a container
  unpause     Unpause all processes within one or more containers
  update      Update configuration of one or more containers
  version     Show the Docker version information
  wait        Block until one or more containers stop, then print their exit codes

Run 'docker COMMAND --help' for more information on a command.


D:\Workspace\Day03\kycprocess>docker -v
Docker version 18.03.0-ce, build 0520e24302

D:\Workspace\Day03\kycprocess>docker build -f dockerfile -t kycmumbai-app .
Sending build context to Docker daemon  39.28MB
Step 1/5 : FROM openjdk:8-jdk-alpine
8-jdk-alpine: Pulling from library/openjdk
e7c96db7181b: Pull complete                                                                                             f910a506b6cb: Pull complete                                                                                             c2274a1a0e27: Pull complete                                                                                             Digest: sha256:94792824df2df33402f201713f932b58cb9de94a0cd524164a0f2283343547b3
Status: Downloaded newer image for openjdk:8-jdk-alpine
 ---> a3562aa0b991
Step 2/5 : VOLUME /tmp
 ---> Running in c9a1a7e61591
Removing intermediate container c9a1a7e61591
 ---> c14eee83ace9
Step 3/5 : ADD target/kycprocess-0.0.1-SNAPSHOT.jar kycprocess.jar
 ---> e9cd2a127aba
Step 4/5 : ENV JAVA_OPTS=""
 ---> Running in 18a4542f5208
Removing intermediate container 18a4542f5208
 ---> c3ddb033e6d8
Step 5/5 : ENTRYPOINT [ "sh", "-c", "java $JAVA_OPTS -Djava.security.egd=file:/dev/./urandom -jar /kycprocess.jar" ]
 ---> Running in 67d7b4fe95cf
Removing intermediate container 67d7b4fe95cf
 ---> 735928103f93
Successfully built 735928103f93
Successfully tagged kycmumbai-app:latest
SECURITY WARNING: You are building a Docker image from Windows against a non-Windows Docker host. All files and directories added to build context will have '-rwxr-xr-x' permissions. It is recommended to double check and reset permissions for sensitive files and directories.

D:\Workspace\Day03\kycprocess>docker images
REPOSITORY          TAG                 IMAGE ID            CREATED             SIZE
kycmumbai-app       latest              735928103f93        33 seconds ago      144MB
mysql               latest              b8fd9553f1f0        2 weeks ago         445MB
openjdk             8-jdk-alpine        a3562aa0b991        4 months ago        105MB

D:\Workspace\Day03\kycprocess>docker -machine url
unknown shorthand flag: 'm' in -machine
See 'docker --help'.

Usage:  docker COMMAND

A self-sufficient runtime for containers

Options:
      --config string         Location of client config files (default
                              "C:\\Users\\Admin\\.docker")
  -D, --debug                 Enable debug mode
  -H, --host list             Daemon socket(s) to connect to
  -l, --log-level string      Set the logging level
                              ("debug"|"info"|"warn"|"error"|"fatal")
                              (default "info")
      --orchestrator string   Which orchestrator to use with the docker
                              cli (swarm|kubernetes) (default swarm)
                              (experimental)
      --tls                   Use TLS; implied by --tlsverify
      --tlscacert string      Trust certs signed only by this CA (default
                              "C:\\Users\\Admin\\.docker\\machine\\machines\\default\\ca.pem")
      --tlscert string        Path to TLS certificate file (default
                              "C:\\Users\\Admin\\.docker\\machine\\machines\\default\\cert.pem")
      --tlskey string         Path to TLS key file (default
                              "C:\\Users\\Admin\\.docker\\machine\\machines\\default\\key.pem")
      --tlsverify             Use TLS and verify the remote (default true)
  -v, --version               Print version information and quit

Management Commands:
  checkpoint  Manage checkpoints
  config      Manage Docker configs
  container   Manage containers
  image       Manage images
  manifest    Manage Docker image manifests and manifest lists
  network     Manage networks
  node        Manage Swarm nodes
  plugin      Manage plugins
  secret      Manage Docker secrets
  service     Manage services
  stack       Manage Docker stacks
  swarm       Manage Swarm
  system      Manage Docker
  trust       Manage trust on Docker images
  volume      Manage volumes

Commands:
  attach      Attach local standard input, output, and error streams to a running container
  build       Build an image from a Dockerfile
  commit      Create a new image from a container's changes
  cp          Copy files/folders between a container and the local filesystem
  create      Create a new container
  deploy      Deploy a new stack or update an existing stack
  diff        Inspect changes to files or directories on a container's filesystem
  events      Get real time events from the server
  exec        Run a command in a running container
  export      Export a container's filesystem as a tar archive
  history     Show the history of an image
  images      List images
  import      Import the contents from a tarball to create a filesystem image
  info        Display system-wide information
  inspect     Return low-level information on Docker objects
  kill        Kill one or more running containers
  load        Load an image from a tar archive or STDIN
  login       Log in to a Docker registry
  logout      Log out from a Docker registry
  logs        Fetch the logs of a container
  pause       Pause all processes within one or more containers
  port        List port mappings or a specific mapping for the container
  ps          List containers
  pull        Pull an image or a repository from a registry
  push        Push an image or a repository to a registry
  rename      Rename a container
  restart     Restart one or more containers
  rm          Remove one or more containers
  rmi         Remove one or more images
  run         Run a command in a new container
  save        Save one or more images to a tar archive (streamed to STDOUT by default)
  search      Search the Docker Hub for images
  start       Start one or more stopped containers
  stats       Display a live stream of container(s) resource usage statistics
  stop        Stop one or more running containers
  tag         Create a tag TARGET_IMAGE that refers to SOURCE_IMAGE
  top         Display the running processes of a container
  unpause     Unpause all processes within one or more containers
  update      Update configuration of one or more containers
  version     Show the Docker version information
  wait        Block until one or more containers stop, then print their exit codes

Run 'docker COMMAND --help' for more information on a command.


D:\Workspace\Day03\kycprocess>docker images
REPOSITORY          TAG                 IMAGE ID            CREATED             SIZE
kycmumbai-app       latest              735928103f93        6 minutes ago       144MB
mysql               latest              b8fd9553f1f0        2 weeks ago         445MB
openjdk             8-jdk-alpine        a3562aa0b991        4 months ago        105MB

D:\Workspace\Day03\kycprocess>docker container ls -a
CONTAINER ID        IMAGE               COMMAND                  CREATED             STATUS              PORTS                 NAMES
8eae35d6be52        mysql               "docker-entrypoint.s…"   36 minutes ago      Up 36 minutes       3306/tcp, 33060/tcp   boa-mysql

D:\Workspace\Day03\kycprocess>docker run -h 192.168.99.100 -p 7090:6060 --name container-app --link boa-mysql:mysql -d kycmumbai-app
bb01bf333096432a48c25e43223e53e7a2153552b98117b7d4d8928a47352482

D:\Workspace\Day03\kycprocess>docker container ls -a
CONTAINER ID        IMAGE               COMMAND                  CREATED             STATUS              PORTS                    NAMES
bb01bf333096        kycmumbai-app       "sh -c 'java $JAVA_O…"   11 minutes ago      Up 11 minutes       0.0.0.0:7090->6060/tcp   container-app
8eae35d6be52        mysql               "docker-entrypoint.s…"   About an hour ago   Up About an hour    3306/tcp, 33060/tcp      boa-mysql

D:\Workspace\Day03\kycprocess>docker exec -it boa-mysql mysql -u system -p
Enter password:
Welcome to the MySQL monitor.  Commands end with ; or \g.
Your MySQL connection id is 20
Server version: 8.0.17 MySQL Community Server - GPL

Copyright (c) 2000, 2019, Oracle and/or its affiliates. All rights reserved.

Oracle is a registered trademark of Oracle Corporation and/or its
affiliates. Other names may be trademarks of their respective
owners.

Type 'help;' or '\h' for help. Type '\c' to clear the current input statement.

mysql> show databases;
+--------------------+
| Database           |
+--------------------+
| boaproddb          |
| information_schema |
+--------------------+
2 rows in set (0.01 sec)

mysql> use boaproddb
Reading table information for completion of table and column names
You can turn off this feature to get a quicker startup with -A

Database changed
mysql> select * from customer;
ERROR 1146 (42S02): Table 'boaproddb.customer' doesn't exist
mysql> show tables;
+---------------------+
| Tables_in_boaproddb |
+---------------------+
| Account             |
| Customer            |
+---------------------+
2 rows in set (0.00 sec)

mysql> select * from Customer
    -> ;
+-------------+---------------+--------------------------+------------+-----------+
| Customer_Id | Date_Of_Birth | Email                    | First_Name | Last_Name |
+-------------+---------------+--------------------------+------------+-----------+
|           1 | NULL          | RAJU.SRIVASTAV@GMAIL.COM | Raju       | chacha    |
+-------------+---------------+--------------------------+------------+-----------+
1 row in set (0.00 sec)

mysql> select * from Customer;
+-------------+---------------+--------------------------+------------+-----------+
| Customer_Id | Date_Of_Birth | Email                    | First_Name | Last_Name |
+-------------+---------------+--------------------------+------------+-----------+
|           1 | NULL          | RAJU.SRIVASTAV@GMAIL.COM | Raju       | chacha    |
|           2 | NULL          | kjdsfjkl@gja.com         | uday       | yadav     |
+-------------+---------------+--------------------------+------------+-----------+
2 rows in set (0.00 sec)

mysql>
D:\Workspace\Day03\kycprocess>